// Jest Snapshot v1, https://goo.gl/fbAQLP

exports[`renders homepage unchanged 1`] = `
<div>
  <div
    class="css-1jyvr32"
  >
    <div
      class="css-16u2cty"
    />
  </div>
  <div
    id="tsparticles"
  >
    <canvas
      style="width: 100%; height: 100%;"
    />
  </div>
  <div
    class="MuiBox-root css-1fgk07u"
  >
    <div
      class="className MuiBox-root css-acjsnj"
    >
      <h1
        class="MuiTypography-root MuiTypography-h1 css-1axb84-MuiTypography-root"
      >
        CODAC
      </h1>
    </div>
    <h6
      class="MuiTypography-root MuiTypography-h6 css-1yzpz3c-MuiTypography-root"
    >
      The Code Academy Berlin Community
    </h6>
    <a
      class="css-1ad0k3n"
      href="/dashboard"
    >
      <div
        class="className MuiBox-root css-1fr6llj"
      >
        <h3
          class="MuiTypography-root MuiTypography-h3 css-1dk7a5z-MuiTypography-root"
        >
          Start
        </h3>
      </div>
    </a>
  </div>
  <footer
    class="css-2ssaom"
  >
    A platform by the students of Code Academy Berlin
  </footer>
</div>
`;
